version https://git-lfs.github.com/spec/v1
oid sha256:a4fa58b6c00f509ff09c6bc93d960a9a30fc19c249f7cfde18d14c16c5769d07
size 228530
