version https://git-lfs.github.com/spec/v1
oid sha256:21a1d1f53c69b83540b154b981885280b2399439eb25804f13f84d81b0f854e3
size 323799
