version https://git-lfs.github.com/spec/v1
oid sha256:d105a1784c1ea6ec8d14f90199f6efc674b03529ea75f6644f5bdcd709942eb3
size 231696
