version https://git-lfs.github.com/spec/v1
oid sha256:951e8c8d7fe4b5d659ae576cbf715eec5be6eb187123f73fa79fb68b5c8681a9
size 231811
