version https://git-lfs.github.com/spec/v1
oid sha256:de49ca1dcba4799827f502d87257a63d24f505bacc0a82107d7b6b38ad9e1706
size 231807
